\BOOKMARK [1][-]{section.1}{\376\377\000D\0007\000\040\000\040\000C\000C\000D\000\040\123\237\164\006\116\016\136\224\165\050\000\040\000\040\230\204\116\140\142\245\124\112}{}% 1
\BOOKMARK [2][-]{subsection.1.1}{\376\377\133\236\232\214\166\356\166\204}{section.1}% 2
\BOOKMARK [2][-]{subsection.1.2}{\376\377\116\352\126\150\165\050\121\167}{section.1}% 3
\BOOKMARK [2][-]{subsection.1.3}{\376\377\123\237\164\006\151\202\217\360}{section.1}% 4
\BOOKMARK [2][-]{subsection.1.4}{\376\377\133\236\232\214\122\115\140\035\200\003\230\230}{section.1}% 5
\BOOKMARK [1][-]{section.2}{\376\377\000D\0007\000\040\000\040\000C\000C\000D\000\040\123\237\164\006\116\016\136\224\165\050\000\040\000\040\133\236\232\214\213\260\137\125}{}% 6
\BOOKMARK [2][-]{subsection.2.1}{\376\377\133\236\232\214\121\205\133\271\124\214\153\145\232\244}{section.2}% 7
\BOOKMARK [3][-]{subsubsection.2.1.1}{\376\377\176\277\226\065\000\040\000C\000C\000D\000\040\232\161\122\250\123\312\121\166\162\171\140\047\155\113\221\317}{subsection.2.1}% 8
\BOOKMARK [3][-]{subsubsection.2.1.2}{\376\377\122\051\165\050\176\277\226\065\000\040\000C\000C\000D\000\040\155\113\221\317\135\345\116\366\166\364\137\204\124\214\211\322\117\115\177\156}{subsection.2.1}% 9
\BOOKMARK [3][-]{subsubsection.2.1.3}{\376\377\227\142\226\065\000\040\000C\000C\000D\000\040\232\161\122\250\123\312\162\171\140\047\155\113\221\317\377\010\220\011\120\132\377\011}{subsection.2.1}% 10
\BOOKMARK [3][-]{subsubsection.2.1.4}{\376\377\227\142\226\065\000\040\000C\000C\000D\000\040\126\376\120\317\221\307\226\306\060\001\217\320\173\227\124\214\230\234\202\162\131\004\164\006}{subsection.2.1}% 11
\BOOKMARK [3][-]{subsubsection.2.1.5}{\376\377\122\051\165\050\227\142\226\065\000\040\000C\000C\000D\000\040\155\113\221\317\135\345\116\366\116\214\176\364\134\072\133\370}{subsection.2.1}% 12
\BOOKMARK [2][-]{subsection.2.2}{\376\377\133\236\232\214\217\307\172\013\116\055\220\107\122\060\166\204\225\356\230\230\213\260\137\125}{section.2}% 13
\BOOKMARK [2][-]{subsection.2.3}{\376\377\133\236\232\214\145\160\143\156\213\260\137\125}{section.2}% 14
\BOOKMARK [1][-]{section.3}{\376\377\000D\0006\000\040\000\040\000\040\200\375\214\061\155\113\221\317\133\236\232\214\000\040\000\040\122\006\147\220\116\016\213\250\213\272}{}% 15
\BOOKMARK [2][-]{subsection.3.1}{\376\377\133\236\232\214\145\160\143\156\122\006\147\220}{section.3}% 16
\BOOKMARK [3][-]{subsubsection.3.1.1}{\376\377\133\236\232\214\116\000\000\040\000\040\133\371\143\242\155\113\126\150\217\333\210\114\200\375\221\317\122\073\136\246\150\007\133\232\377\032}{subsection.3.1}% 17
\BOOKMARK [3][-]{subsubsection.3.1.2}{\376\377\133\236\232\214\116\214\000\040\000\040\213\241\173\227\0001\0003\0007\000C\000s\166\204\136\267\146\156\230\177\145\143\134\004\134\360\124\214\200\314\145\143\134\004\134\360\200\375\221\317\116\016\155\113\221\317\120\074\166\204\166\370\133\371\213\357\135\356}{subsection.3.1}% 18
\BOOKMARK [3][-]{subsubsection.3.1.3}{\376\377\133\236\232\214\116\011\000\040\000\040\117\060\173\227\131\032\220\123\122\006\147\220\116\352\200\375\221\317\122\006\217\250\163\207}{subsection.3.1}% 19
\BOOKMARK [2][-]{subsection.3.2}{\376\377\133\236\232\214\124\016\140\035\200\003\230\230}{section.3}% 20
\BOOKMARK [1][-]{section.4}{\376\377\000D\0006\000\040\000\040\000\040\200\375\214\061\155\113\221\317\133\236\232\214\000\040\000\040\133\236\232\214\140\073\176\323}{}% 21
\BOOKMARK [2][-]{subsection.4.1}{\376\377\133\236\232\214\122\006\135\345}{section.4}% 22
\BOOKMARK [2][-]{subsection.4.2}{\376\377\133\236\232\214\137\303\137\227}{section.4}% 23
